// Jest Snapshot v1, https://goo.gl/fbAQLP

exports[`File: <GifExpertApp> #1: Test: (  ) 1`] = `
<div>
  <h1>
    GifExpertApp
  </h1>
  <form
    aria-label="form"
    style="display: flex; margin: 8px 0px;"
  >
    <input
      maxlength="32"
      placeholder="Buscar Gifs..."
      type="text"
      value=""
    />
  </form>
  <div
    class="fade-in"
    style="background: rgba(255, 68, 255, 0.267); padding: 10px; border-radius: 4px; margin: 2px 0px;"
  >
    <div
      style="display: flex; justify-content: space-between;"
    >
      <h4>
        One Punch
      </h4>
      <small>
        cargando...
      </small>
      <button
        style="border-radius: 100px; padding: 2px 6px; box-sizing: border-box; background-color: rgb(37, 37, 37); border: 1px solid black; align-self: flex-start; cursor: pointer;"
      >
        x
      </button>
    </div>
  </div>
  <div
    class="fade-in"
    style="background: rgba(255, 68, 255, 0.267); padding: 10px; border-radius: 4px; margin: 2px 0px;"
  >
    <div
      style="display: flex; justify-content: space-between;"
    >
      <h4>
        Drag√≥n ball
      </h4>
      <small>
        cargando...
      </small>
      <button
        style="border-radius: 100px; padding: 2px 6px; box-sizing: border-box; background-color: rgb(37, 37, 37); border: 1px solid black; align-self: flex-start; cursor: pointer;"
      >
        x
      </button>
    </div>
  </div>
</div>
`;
